// Jest Snapshot v1, https://goo.gl/fbAQLP

exports[`DayFormatter renders correctly 1`] = `
<span>
  sam., dim.
</span>
`;
