// Jest Snapshot v1, https://goo.gl/fbAQLP

exports[`Percentage renders correctly 1`] = `
<span>
  80
  %
</span>
`;
