// Jest Snapshot v1, https://goo.gl/fbAQLP

exports[`Wage summary renders correctly 1`] = `
Array [
  <div
    className="MuiTypography-root MuiTypography-h5 MuiTypography-gutterBottom css-1pzmhef-MuiTypography-root"
  >
    Salaires
  </div>,
  <div
    className="MuiPaper-root MuiPaper-elevation MuiPaper-rounded MuiPaper-elevation1 css-1ps6pg7-MuiPaper-root"
  >
    <div
      className="MuiTableContainer-root css-1lqbn85-MuiTableContainer-root"
    >
      <table
        className="MuiTable-root css-1m14wjh-MuiTable-root"
        role={null}
      >
        <thead
          className="MuiTableHead-root css-15wwp11-MuiTableHead-root"
          role={null}
        >
          <tr
            className="MuiTableRow-root MuiTableRow-head css-xev7fm-MuiTableRow-root"
            role={null}
          >
            <th
              aria-sort={null}
              className="MuiTableCell-root MuiTableCell-head MuiTableCell-sizeSmall css-t8mu5n-MuiTableCell-root"
              scope="col"
            >
               
            </th>
            <th
              aria-sort={null}
              className="MuiTableCell-root MuiTableCell-head MuiTableCell-alignRight MuiTableCell-sizeSmall css-abrxy2-MuiTableCell-root"
              scope="col"
            >
              Mensuel lissé sur 12 mois
            </th>
            <th
              aria-sort={null}
              className="MuiTableCell-root MuiTableCell-head MuiTableCell-alignRight MuiTableCell-sizeSmall css-abrxy2-MuiTableCell-root"
              scope="col"
            >
              Annuel
            </th>
          </tr>
        </thead>
        <tbody
          className="MuiTableBody-root css-apqrd9-MuiTableBody-root"
          role={null}
        >
          <tr
            className="MuiTableRow-root MuiTableRow-hover css-d9l2c8-MuiTableRow-root"
            role={null}
          >
            <th
              aria-sort={null}
              className="MuiTableCell-root MuiTableCell-body MuiTableCell-sizeSmall css-9xppz4-MuiTableCell-root"
              scope="row"
            >
              Salaire avant impôts sur le revenu
            </th>
            <td
              aria-sort={null}
              className="MuiTableCell-root MuiTableCell-body MuiTableCell-alignRight MuiTableCell-sizeSmall css-egzx5e-MuiTableCell-root"
            >
              <span
                className="MuiBox-root css-1l7mgse"
              >
                0 €
              </span>
            </td>
            <td
              aria-sort={null}
              className="MuiTableCell-root MuiTableCell-body MuiTableCell-alignRight MuiTableCell-sizeSmall css-egzx5e-MuiTableCell-root"
            >
              <span
                className="MuiBox-root css-1l7mgse"
              >
                0 €
              </span>
            </td>
          </tr>
          <tr
            className="MuiTableRow-root MuiTableRow-hover css-d9l2c8-MuiTableRow-root"
            role={null}
          >
            <th
              aria-sort={null}
              className="MuiTableCell-root MuiTableCell-body MuiTableCell-sizeSmall css-9xppz4-MuiTableCell-root"
              scope="row"
            >
              Impôts sur le revenu
            </th>
            <td
              aria-sort={null}
              className="MuiTableCell-root MuiTableCell-body MuiTableCell-alignRight MuiTableCell-sizeSmall css-egzx5e-MuiTableCell-root"
            >
              <span
                className="MuiBox-root css-1l7mgse"
              >
                0 €
              </span>
            </td>
            <td
              aria-sort={null}
              className="MuiTableCell-root MuiTableCell-body MuiTableCell-alignRight MuiTableCell-sizeSmall css-egzx5e-MuiTableCell-root"
            >
              <span
                className="MuiBox-root css-1l7mgse"
              >
                0 €
              </span>
            </td>
          </tr>
          <tr
            className="MuiTableRow-root MuiTableRow-hover css-d9l2c8-MuiTableRow-root"
            role={null}
          >
            <th
              aria-sort={null}
              className="MuiTableCell-root MuiTableCell-body MuiTableCell-sizeSmall css-9xppz4-MuiTableCell-root"
              scope="row"
            >
              Salaire après impôts sur le revenu
            </th>
            <td
              aria-sort={null}
              className="MuiTableCell-root MuiTableCell-body MuiTableCell-alignRight MuiTableCell-sizeSmall css-egzx5e-MuiTableCell-root"
            >
              <span
                className="MuiBox-root css-1l7mgse"
              >
                0 €
              </span>
            </td>
            <td
              aria-sort={null}
              className="MuiTableCell-root MuiTableCell-body MuiTableCell-alignRight MuiTableCell-sizeSmall css-egzx5e-MuiTableCell-root"
            >
              <span
                className="MuiBox-root css-1l7mgse"
              >
                0 €
              </span>
            </td>
          </tr>
          <tr
            className="MuiTableRow-root MuiTableRow-hover css-d9l2c8-MuiTableRow-root"
            role={null}
          >
            <th
              aria-sort={null}
              className="MuiTableCell-root MuiTableCell-body MuiTableCell-sizeSmall css-9xppz4-MuiTableCell-root"
              scope="row"
            >
              Epargne entreprise
            </th>
            <td
              aria-sort={null}
              className="MuiTableCell-root MuiTableCell-body MuiTableCell-alignRight MuiTableCell-sizeSmall css-egzx5e-MuiTableCell-root"
            >
              <span
                className="MuiBox-root css-1l7mgse"
              >
                0 €
              </span>
            </td>
            <td
              aria-sort={null}
              className="MuiTableCell-root MuiTableCell-body MuiTableCell-alignRight MuiTableCell-sizeSmall css-egzx5e-MuiTableCell-root"
            >
              <span
                className="MuiBox-root css-1l7mgse"
              >
                0 €
              </span>
            </td>
          </tr>
        </tbody>
      </table>
    </div>
  </div>,
]
`;
