// Jest Snapshot v1, https://goo.gl/fbAQLP

exports[`Year summary renders correctly 1`] = `
<div
  className="MuiBox-root css-0"
>
  <div
    className="MuiTypography-root MuiTypography-h5 MuiTypography-gutterBottom css-1pzmhef-MuiTypography-root"
  >
    Facturation 
    2022
  </div>
  <div
    className="MuiPaper-root MuiPaper-elevation MuiPaper-rounded MuiPaper-elevation1 css-1ps6pg7-MuiPaper-root"
  >
    <div
      className="MuiTableContainer-root css-1lqbn85-MuiTableContainer-root"
    >
      <table
        className="MuiTable-root css-1m14wjh-MuiTable-root"
        role={null}
      >
        <thead
          className="MuiTableHead-root css-15wwp11-MuiTableHead-root"
          role={null}
        >
          <tr
            className="MuiTableRow-root MuiTableRow-head css-xev7fm-MuiTableRow-root"
            role={null}
          >
            <th
              aria-sort={null}
              className="MuiTableCell-root MuiTableCell-head MuiTableCell-sizeSmall css-t8mu5n-MuiTableCell-root"
              scope="col"
            >
               
            </th>
            <th
              aria-sort={null}
              className="MuiTableCell-root MuiTableCell-head MuiTableCell-sizeSmall css-t8mu5n-MuiTableCell-root"
              scope="col"
            >
              mois
            </th>
            <th
              aria-sort={null}
              className="MuiTableCell-root MuiTableCell-head MuiTableCell-alignRight MuiTableCell-sizeSmall css-abrxy2-MuiTableCell-root"
              scope="col"
            >
              Jours facturés
            </th>
            <th
              aria-sort={null}
              className="MuiTableCell-root MuiTableCell-head MuiTableCell-alignRight MuiTableCell-sizeSmall css-abrxy2-MuiTableCell-root"
              scope="col"
            >
              CA
            </th>
            <th
              aria-sort={null}
              className="MuiTableCell-root MuiTableCell-head MuiTableCell-alignRight MuiTableCell-sizeSmall css-abrxy2-MuiTableCell-root"
              scope="col"
            >
              TVA (
              20
              %)
            </th>
            <th
              aria-sort={null}
              className="MuiTableCell-root MuiTableCell-head MuiTableCell-alignRight MuiTableCell-sizeSmall css-abrxy2-MuiTableCell-root"
              scope="col"
            >
              TTC
            </th>
            <th
              aria-sort={null}
              className="MuiTableCell-root MuiTableCell-head MuiTableCell-alignRight MuiTableCell-sizeSmall css-abrxy2-MuiTableCell-root"
              scope="col"
            >
              Cotisations sociales (
              21.4
              %)
            </th>
            <th
              aria-sort={null}
              className="MuiTableCell-root MuiTableCell-head MuiTableCell-alignRight MuiTableCell-sizeSmall css-abrxy2-MuiTableCell-root"
              scope="col"
            >
              Bénéfices
            </th>
          </tr>
        </thead>
        <tbody
          className="MuiTableBody-root css-apqrd9-MuiTableBody-root"
          role={null}
        >
          <tr
            className="MuiTableRow-root css-15p7zew-MuiTableRow-root"
            role={null}
          >
            <td
              aria-sort={null}
              className="MuiTableCell-root MuiTableCell-body MuiTableCell-sizeSmall css-1off7ch-MuiTableCell-root"
              colSpan={2}
            >
              Totaux
            </td>
            <td
              aria-sort={null}
              className="MuiTableCell-root MuiTableCell-body MuiTableCell-alignRight MuiTableCell-sizeSmall css-ftv5mp-MuiTableCell-root"
            >
              0
            </td>
            <td
              aria-sort={null}
              className="MuiTableCell-root MuiTableCell-body MuiTableCell-alignRight MuiTableCell-sizeSmall css-ftv5mp-MuiTableCell-root"
            >
              <span
                className="MuiBox-root css-1l7mgse"
              >
                0 €
              </span>
            </td>
            <td
              aria-sort={null}
              className="MuiTableCell-root MuiTableCell-body MuiTableCell-alignRight MuiTableCell-sizeSmall css-ftv5mp-MuiTableCell-root"
            >
              <span
                className="MuiBox-root css-1l7mgse"
              >
                0 €
              </span>
            </td>
            <td
              aria-sort={null}
              className="MuiTableCell-root MuiTableCell-body MuiTableCell-alignRight MuiTableCell-sizeSmall css-ftv5mp-MuiTableCell-root"
            >
              <span
                className="MuiBox-root css-1l7mgse"
              >
                0 €
              </span>
            </td>
            <td
              aria-sort={null}
              className="MuiTableCell-root MuiTableCell-body MuiTableCell-alignRight MuiTableCell-sizeSmall css-ftv5mp-MuiTableCell-root"
            >
              <span
                className="MuiBox-root css-1l7mgse"
              >
                0 €
              </span>
            </td>
            <td
              aria-sort={null}
              className="MuiTableCell-root MuiTableCell-body MuiTableCell-alignRight MuiTableCell-sizeSmall css-ftv5mp-MuiTableCell-root"
            >
              <span
                className="MuiBox-root css-1l7mgse"
              >
                0 €
              </span>
            </td>
          </tr>
        </tbody>
      </table>
    </div>
  </div>
</div>
`;
